_____e_________________________________________________________________________________
_ccccc_____________e_______________________________________________________________e___
______e___________c_c_____________________________________________________________c___
_______e_________c___c___________________________________________________________c____
________e_______c_____c_________________________________________________________c_____
_________e_____c_______c_______________________________________________________c______
____________e_c_________c_____________________________________________________c_______
_____________c___________c___________________________________________________c________
__________________________c_________________________________________________c_________
___________________________c_______________________________________________c__________
____________________________c_____________________________________________c___________
_________________cccc_________e_______________________________________e___c____________
__________________cccc_________e___________________________________e_____c_____________
___________________cccc_________e_______________________________e_______c______________
__________________cccc___________e___________________________e_________c_______________
_________________cccc_____________e________________________e___________c________________
________________cccc_______________e____________________e_____________c_________________
_______________cccc_________________e_________________e_______________c__________________
_____________cccc___________________e______________e_________________c___________________
___________cccc_____________________e___________e___________________c____________________
_________cccc_______________________e________e_____________________c_____________________
_______cccc_________________________e_____e_______________________c______________________
_____cccc___________________________e__e_________________________c_______________________
___cccc_____________________________e______________________________c_______________________
_cccc_____________________________________________________________________________c________